// Jest Snapshot v1, https://goo.gl/fbAQLP

exports[`Компонент AboutProject Соответствует своему snapshot 1`] = `
Object {
  "asFragment": [Function],
  "baseElement": <body>
    <div>
      <section
        class="about"
        id="about-project"
      >
        <h2
          class="title"
        >
          О проекте
        </h2>
        <ul
          class="list about__list "
        >
          <li
            class="about__item"
          >
            <h3
              class="list__title"
            >
              Дипломный проект включает 5 этапов
            </h3>
            <p
              class="list__paragraph"
            >
              Составление плана, работу над бэкендом, вёрстку, добавление функциональности и финальные доработки.
            </p>
          </li>
          <li
            class="about__item"
          >
            <h3
              class="list__title"
            >
              На выполнение диплома ушло 5 недель
            </h3>
            <p
              class="list__paragraph"
            >
              У каждого этапа был мягкий и жёсткий дедлайн, которые нужно было соблюдать, чтобы успешно защититься.
            </p>
          </li>
        </ul>
        <div
          class="about__track"
        >
          <div
            class="track__element track__element_type_back-end"
          >
            <div
              class="track__bar track__bar_type_back-end"
            >
              1 неделя
            </div>
            <p
              class="track__bar-name"
            >
              Back-end
            </p>
          </div>
          <div
            class="track__element track__element_type_front-end"
          >
            <div
              class="track__bar track__bar_type_front-end"
            >
              4 недели
            </div>
            <p
              class="track__bar-name"
            >
              Front-end
            </p>
          </div>
        </div>
      </section>
    </div>
  </body>,
  "container": <div>
    <section
      class="about"
      id="about-project"
    >
      <h2
        class="title"
      >
        О проекте
      </h2>
      <ul
        class="list about__list "
      >
        <li
          class="about__item"
        >
          <h3
            class="list__title"
          >
            Дипломный проект включает 5 этапов
          </h3>
          <p
            class="list__paragraph"
          >
            Составление плана, работу над бэкендом, вёрстку, добавление функциональности и финальные доработки.
          </p>
        </li>
        <li
          class="about__item"
        >
          <h3
            class="list__title"
          >
            На выполнение диплома ушло 5 недель
          </h3>
          <p
            class="list__paragraph"
          >
            У каждого этапа был мягкий и жёсткий дедлайн, которые нужно было соблюдать, чтобы успешно защититься.
          </p>
        </li>
      </ul>
      <div
        class="about__track"
      >
        <div
          class="track__element track__element_type_back-end"
        >
          <div
            class="track__bar track__bar_type_back-end"
          >
            1 неделя
          </div>
          <p
            class="track__bar-name"
          >
            Back-end
          </p>
        </div>
        <div
          class="track__element track__element_type_front-end"
        >
          <div
            class="track__bar track__bar_type_front-end"
          >
            4 недели
          </div>
          <p
            class="track__bar-name"
          >
            Front-end
          </p>
        </div>
      </div>
    </section>
  </div>,
  "debug": [Function],
  "findAllByAltText": [Function],
  "findAllByDisplayValue": [Function],
  "findAllByLabelText": [Function],
  "findAllByPlaceholderText": [Function],
  "findAllByRole": [Function],
  "findAllByTestId": [Function],
  "findAllByText": [Function],
  "findAllByTitle": [Function],
  "findByAltText": [Function],
  "findByDisplayValue": [Function],
  "findByLabelText": [Function],
  "findByPlaceholderText": [Function],
  "findByRole": [Function],
  "findByTestId": [Function],
  "findByText": [Function],
  "findByTitle": [Function],
  "getAllByAltText": [Function],
  "getAllByDisplayValue": [Function],
  "getAllByLabelText": [Function],
  "getAllByPlaceholderText": [Function],
  "getAllByRole": [Function],
  "getAllByTestId": [Function],
  "getAllByText": [Function],
  "getAllByTitle": [Function],
  "getByAltText": [Function],
  "getByDisplayValue": [Function],
  "getByLabelText": [Function],
  "getByPlaceholderText": [Function],
  "getByRole": [Function],
  "getByTestId": [Function],
  "getByText": [Function],
  "getByTitle": [Function],
  "queryAllByAltText": [Function],
  "queryAllByDisplayValue": [Function],
  "queryAllByLabelText": [Function],
  "queryAllByPlaceholderText": [Function],
  "queryAllByRole": [Function],
  "queryAllByTestId": [Function],
  "queryAllByText": [Function],
  "queryAllByTitle": [Function],
  "queryByAltText": [Function],
  "queryByDisplayValue": [Function],
  "queryByLabelText": [Function],
  "queryByPlaceholderText": [Function],
  "queryByRole": [Function],
  "queryByTestId": [Function],
  "queryByText": [Function],
  "queryByTitle": [Function],
  "rerender": [Function],
  "unmount": [Function],
}
`;
